#######################################################################################
# log primitive debug message of FSDB dumping                                         #
# This is for R&D to analyze when there are issues happening when FSDB dump           #
#######################################################################################
ANF: vcsd_get_serial_mode_status('./simv: undefined symbol: vcsd_get_serial_mode_status')
ANF: vcsd_enable_sva_success_callback('./simv: undefined symbol: vcsd_enable_sva_success_callback')
ANF: vcsd_disable_sva_success_callback('./simv: undefined symbol: vcsd_disable_sva_success_callback')
ANF: vcsd_get_power_scope_name('./simv: undefined symbol: vcsd_get_power_scope_name')
ANF: vcsd_begin_no_value_var_info('./simv: undefined symbol: vcsd_begin_no_value_var_info')
ANF: vcsd_end_no_value_var_info('./simv: undefined symbol: vcsd_end_no_value_var_info')
ANF: vcsd_remove_xprop_merge_mode_callback('./simv: undefined symbol: vcsd_remove_xprop_merge_mode_callback')
ANF: vhpi_get_cb_info('./simv: undefined symbol: vhpi_get_cb_info')
ANF: vhpi_free_handle('./simv: undefined symbol: vhpi_free_handle')
ANF: vhpi_fetch_vcsd_handle('./simv: undefined symbol: vhpi_fetch_vcsd_handle')
ANF: vhpi_fetch_vpi_handle('./simv: undefined symbol: vhpi_fetch_vpi_handle')
ANF: vhpi_has_verilog_parent('./simv: undefined symbol: vhpi_has_verilog_parent')
ANF: vhpi_is_verilog_scope('./simv: undefined symbol: vhpi_is_verilog_scope')
ANF: scsd_xprop_is_enabled('./simv: undefined symbol: scsd_xprop_is_enabled')
ANF: scsd_xprop_sig_is_promoted('./simv: undefined symbol: scsd_xprop_sig_is_promoted')
ANF: scsd_xprop_int_xvalue('./simv: undefined symbol: scsd_xprop_int_xvalue')
ANF: scsd_xprop_bool_xvalue('./simv: undefined symbol: scsd_xprop_bool_xvalue')
ANF: scsd_xprop_enum_xvalue('./simv: undefined symbol: scsd_xprop_enum_xvalue')
ANF: scsd_xprop_register_merge_mode_cb('./simv: undefined symbol: scsd_xprop_register_merge_mode_cb')
ANF: scsd_xprop_delete_merge_mode_cb('./simv: undefined symbol: scsd_xprop_delete_merge_mode_cb')
ANF: scsd_xprop_get_merge_mode('./simv: undefined symbol: scsd_xprop_get_merge_mode')
ANF: scsd_thread_get_info('./simv: undefined symbol: scsd_thread_get_info')
ANF: scsd_thread_vc_init('./simv: undefined symbol: scsd_thread_vc_init')
ANF: scsd_master_set_delta_sync_cbk('./simv: undefined symbol: scsd_master_set_delta_sync_cbk')
ANF: scsd_fgp_get_fsdb_cores('./simv: undefined symbol: scsd_fgp_get_fsdb_cores')
ANF: scsd_fgp_get_is_cpu_affinity_disabled('./simv: undefined symbol: scsd_fgp_get_is_cpu_affinity_disabled')
ANF: vhdi_dt_get_type('./simv: undefined symbol: vhdi_dt_get_type')
ANF: vhdi_dt_get_key('./simv: undefined symbol: vhdi_dt_get_key')
ANF: vhdi_dt_get_vhdl_enum_info('./simv: undefined symbol: vhdi_dt_get_vhdl_enum_info')
ANF: vhdi_dt_get_vhdl_physical_info('./simv: undefined symbol: vhdi_dt_get_vhdl_physical_info')
ANF: vhdi_dt_get_vhdl_array_info('./simv: undefined symbol: vhdi_dt_get_vhdl_array_info')
ANF: vhdi_dt_get_vhdl_record_info('./simv: undefined symbol: vhdi_dt_get_vhdl_record_info')
ANF: vhdi_def_traverse_module('./simv: undefined symbol: vhdi_def_traverse_module')
ANF: vhdi_def_traverse_scope('./simv: undefined symbol: vhdi_def_traverse_scope')
ANF: vhdi_def_traverse_variable('./simv: undefined symbol: vhdi_def_traverse_variable')
ANF: vhdi_def_get_module_id_by_vhpi('./simv: undefined symbol: vhdi_def_get_module_id_by_vhpi')
ANF: vhdi_def_get_handle_by_module_id('./simv: undefined symbol: vhdi_def_get_handle_by_module_id')
ANF: vhdi_def_get_variable_info_by_vhpi('./simv: undefined symbol: vhdi_def_get_variable_info_by_vhpi')
ANF: vhdi_def_free('./simv: undefined symbol: vhdi_def_free')
ANF: vhdi_ist_traverse_scope('./simv: undefined symbol: vhdi_ist_traverse_scope')
ANF: vhdi_ist_traverse_variable('./simv: undefined symbol: vhdi_ist_traverse_variable')
ANF: vhdi_ist_convert_by_vhpi('./simv: undefined symbol: vhdi_ist_convert_by_vhpi')
ANF: vhdi_ist_clone('./simv: undefined symbol: vhdi_ist_clone')
ANF: vhdi_ist_free('./simv: undefined symbol: vhdi_ist_free')
ANF: vhdi_ist_hash_key('./simv: undefined symbol: vhdi_ist_hash_key')
ANF: vhdi_ist_compare('./simv: undefined symbol: vhdi_ist_compare')
ANF: vhdi_ist_get_value_addr('./simv: undefined symbol: vhdi_ist_get_value_addr')
ANF: vhdi_set_scsd_callback('./simv: undefined symbol: vhdi_set_scsd_callback')
ANF: vhdi_cbk_set_force_callback('./simv: undefined symbol: vhdi_cbk_set_force_callback')
ANF: vhdi_trigger_init_force('./simv: undefined symbol: vhdi_trigger_init_force')
ANF: vhdi_ist_check_scsd_callback('./simv: undefined symbol: vhdi_ist_check_scsd_callback')
ANF: vhdi_ist_add_scsd_callback('./simv: undefined symbol: vhdi_ist_add_scsd_callback')
ANF: vhdi_ist_remove_scsd_callback('./simv: undefined symbol: vhdi_ist_remove_scsd_callback')
ANF: vhdi_ist_get_scsd_user_data('./simv: undefined symbol: vhdi_ist_get_scsd_user_data')
ANF: vhdi_add_time_change_callback('./simv: undefined symbol: vhdi_add_time_change_callback')
ANF: vhdi_get_real_value_by_value_addr('./simv: undefined symbol: vhdi_get_real_value_by_value_addr')
ANF: vhdi_get_64_value_by_value_addr('./simv: undefined symbol: vhdi_get_64_value_by_value_addr')
ANF: vhdi_xprop_inst_is_promoted('./simv: undefined symbol: vhdi_xprop_inst_is_promoted')
ANF: vdi_ist_convert_by_vhdi('./simv: undefined symbol: vdi_ist_convert_by_vhdi')
ANF: vhdi_ist_get_module_id('./simv: undefined symbol: vhdi_ist_get_module_id')
ANF: vhdi_refine_foreign_scope_type('./simv: undefined symbol: vhdi_refine_foreign_scope_type')
ANF: vhdi_flush_callback('./simv: undefined symbol: vhdi_flush_callback')
ANF: vhdi_set_orig_name('./simv: undefined symbol: vhdi_set_orig_name')
ANF: vhdi_set_dump_pt('./simv: undefined symbol: vhdi_set_dump_pt')
ANF: vhdi_get_fsdb_option('./simv: undefined symbol: vhdi_get_fsdb_option')
ANF: vhdi_fgp_get_mode('./simv: undefined symbol: vhdi_fgp_get_mode')
ANF: vhdi_node_register_composite_var('./simv: undefined symbol: vhdi_node_register_composite_var')
ANF: vhdi_node_analysis('./simv: undefined symbol: vhdi_node_analysis')
ANF: vhdi_node_id('./simv: undefined symbol: vhdi_node_id')
ANF: vhdi_node_ist_check_scsd_callback('./simv: undefined symbol: vhdi_node_ist_check_scsd_callback')
ANF: vhdi_node_ist_add_scsd_callback('./simv: undefined symbol: vhdi_node_ist_add_scsd_callback')
ANF: vhdi_node_ist_get_value_addr('./simv: undefined symbol: vhdi_node_ist_get_value_addr')
ANF: vhdi_enc_def_traverse_module('./simv: undefined symbol: vhdi_enc_def_traverse_module')
ANF: vhdi_enc_def_traverse_scope('./simv: undefined symbol: vhdi_enc_def_traverse_scope')
ANF: vhdi_enc_def_traverse_variable('./simv: undefined symbol: vhdi_enc_def_traverse_variable')
ANF: vhdi_enc_ist_traverse_scope('./simv: undefined symbol: vhdi_enc_ist_traverse_scope')
ANF: vhdi_enc_ist_traverse_variable('./simv: undefined symbol: vhdi_enc_ist_traverse_variable')
ANF: vhdi_enc_ist_get_module_id('./simv: undefined symbol: vhdi_enc_ist_get_module_id')
ANF: vhdi_enc_def_get_handle_by_module_id('./simv: undefined symbol: vhdi_enc_def_get_handle_by_module_id')
VCS compile option:
 option[0]: ./simv
 option[1]: +fsdb+autoflush
 option[2]: -l
 option[3]: sim.log
 option[4]: /usr/Synopsys/vcs/T-2022.06/linux64/bin/vcs1
 option[5]: -Mcc=gcc
 option[6]: -Mcplusplus=g++
 option[7]: -Masflags=
 option[8]: -Mcfl= -pipe -fPIC -O -I/usr/Synopsys/vcs/T-2022.06/include 
 option[9]: -Mxllcflags=
 option[10]: -Mxcflags= -pipe -fPIC -I/usr/Synopsys/vcs/T-2022.06/include
 option[11]: -Mldflags= -rdynamic 
 option[12]: -Mout=simv
 option[13]: -Mamsrun=
 option[14]: -Mvcsaceobjs=
 option[15]: -Mobjects= /usr/Synopsys/vcs/T-2022.06/linux64/lib/libvirsim.so /usr/Synopsys/vcs/T-2022.06/linux64/lib/liberrorinf.so /usr/Synopsys/vcs/T-2022.06/linux64/lib/libsnpsmalloc.so /usr/Synopsys/vcs/T-2022.06/linux64/lib/libvfs.so 
 option[16]: -Mexternalobj=
 option[17]: -Msaverestoreobj=/usr/Synopsys/vcs/T-2022.06/linux64/lib/vcs_save_restore_new.o
 option[18]: -Mcrt0=
 option[19]: -Mcrtn=
 option[20]: -Mcsrc=
 option[21]: -Mupdate
 option[22]: -Msyslibs=/usr/Synopsys/verdi/T-2022.06/share/PLI/VCS/LINUX64/pli.a -ldl 
 option[23]: -l
 option[24]: vcs.log
 option[25]: -full64
 option[26]: -debug_access+all
 option[27]: +vpi
 option[28]: +vcsd1
 option[29]: +itf+/usr/Synopsys/vcs/T-2022.06/linux64/lib/vcsdp_lite.tab
 option[30]: -line
 option[31]: +vcsd
 option[32]: +plusarg_save
 option[33]: +error+10
 option[34]: +v2k
 option[35]: +ntb_exit_on_error=10
 option[36]: -timescale=1ns/100ps
 option[37]: -negdelay
 option[38]: +neg_tchk
 option[39]: +memcbk
 option[40]: +sdfverbose
 option[41]: +warn=all
 option[42]: +warn=noTFIPC
 option[43]: +warn=noWSUM
 option[44]: +nospecify
 option[45]: -picarchive
 option[46]: -P
 option[47]: /usr/Synopsys/verdi/T-2022.06/share/PLI/VCS/LINUX64/verdi.tab
 option[48]: -fsdb
 option[49]: -sverilog
 option[50]: +vpi
 option[51]: -gen_obj
 option[52]: -f
 option[53]: /home/host/Downloads/IC_Competiton_JJ/core/src/IDU/flist.f
 option[54]: +incdir+/home/host/Downloads/IC_Competiton_JJ/core/src/IDU
 option[55]: -load
 option[56]: /usr/Synopsys/verdi/T-2022.06/share/PLI/VCS/LINUX64/libnovas.so:FSDBDumpCmd
 option[57]: +ntb_exit_on_error=10
 option[58]: timescale=1ns/100ps
Chronologic Simulation VCS Release T-2022.06_Full64
Linux 3.10.0-1160.119.1.el7.x86_64 #1 SMP Tue Jun 4 14:43:51 UTC 2024 x86_64
CPU cores: 16
Limit information:
======================================
cputime		unlimited
filesize		unlimited
datasize		unlimited
stacksize		8192 kbytes
coredumpsize		0 kbytes
memoryuse		unlimited
vmemoryuse		unlimited
descriptors		4096
memorylocked		64 kbytes
maxproc		4096
======================================
(Special)Runtime environment variables:

Runtime environment variables:
XDG_VTNR=1
INN_HOME=/usr/Cadence/INNOVUS201
XDG_SESSION_ID=1
SSH_AGENT_PID=3230
DBUS_STARTER_ADDRESS=unix:abstract=/tmp/dbus-l9XJgSNXop,guid=45a8cb01211c74507138b36c69eca3c3
HOSTNAME=eda
IMSETTINGS_INTEGRATE_DESKTOP=yes
MGC_FDI_OA_VERSION=22.60
SHELL=/bin/bash
XDG_MENU_PREFIX=gnome-
VTE_VERSION=5204
TERM=xterm-256color
HISTSIZE=1000
MAKEFLAGS=
redhawk_HOME=/usr/Ansys/redhawk/RedHawk_Linux64e6_V2020R2.1
DESIGNWARE_HOME=/home/autumn/Desktop/IP
PYTHONHTTPSVERIFY=0
GNOME_TERMINAL_SCREEN=/org/gnome/Terminal/screen/eea61812_1a71_4b13_a0ba_d621743a688b
CDS_LOAD_ENV=CSF
OLDPWD=/home/host/Downloads/IC_Competiton_JJ/core/src/IDU
QTDIR=/usr/lib64/qt-3.3
NOVAS=/usr/Synopsys/verdi/T-2022.06/share/PLI/VCS/LINUX64
QTINC=/usr/lib64/qt-3.3/include
QT_GRAPHICSSYSTEM_CHECKED=1
IMSETTINGS_MODULE=none
USER=host
LS_COLORS=rs=0:di=38;5;27:ln=38;5;51:mh=44;38;5;15:pi=40;38;5;11:so=38;5;13:do=38;5;5:bd=48;5;232;38;5;11:cd=48;5;232;38;5;3:or=48;5;232;38;5;9:mi=05;48;5;232;38;5;15:su=48;5;196;38;5;15:sg=48;5;11;38;5;16:ca=48;5;196;38;5;226:tw=48;5;10;38;5;16:ow=48;5;10;38;5;21:st=48;5;21;38;5;15:ex=38;5;34:*.tar=38;5;9:*.tgz=38;5;9:*.arc=38;5;9:*.arj=38;5;9:*.taz=38;5;9:*.lha=38;5;9:*.lz4=38;5;9:*.lzh=38;5;9:*.lzma=38;5;9:*.tlz=38;5;9:*.txz=38;5;9:*.tzo=38;5;9:*.t7z=38;5;9:*.zip=38;5;9:*.z=38;5;9:*.Z=38;5;9:*.dz=38;5;9:*.gz=38;5;9:*.lrz=38;5;9:*.lz=38;5;9:*.lzo=38;5;9:*.xz=38;5;9:*.bz2=38;5;9:*.bz=38;5;9:*.tbz=38;5;9:*.tbz2=38;5;9:*.tz=38;5;9:*.deb=38;5;9:*.rpm=38;5;9:*.jar=38;5;9:*.war=38;5;9:*.ear=38;5;9:*.sar=38;5;9:*.rar=38;5;9:*.alz=38;5;9:*.ace=38;5;9:*.zoo=38;5;9:*.cpio=38;5;9:*.7z=38;5;9:*.rz=38;5;9:*.cab=38;5;9:*.jpg=38;5;13:*.jpeg=38;5;13:*.gif=38;5;13:*.bmp=38;5;13:*.pbm=38;5;13:*.pgm=38;5;13:*.ppm=38;5;13:*.tga=38;5;13:*.xbm=38;5;13:*.xpm=38;5;13:*.tif=38;5;13:*.tiff=38;5;13:*.png=38;5;13:*.svg=38;5;13:*.svgz=38;5;13:*.mng=38;5;13:*.pcx=38;5;13:*.mov=38;5;13:*.mpg=38;5;13:*.mpeg=38;5;13:*.m2v=38;5;13:*.mkv=38;5;13:*.webm=38;5;13:*.ogm=38;5;13:*.mp4=38;5;13:*.m4v=38;5;13:*.mp4v=38;5;13:*.vob=38;5;13:*.qt=38;5;13:*.nuv=38;5;13:*.wmv=38;5;13:*.asf=38;5;13:*.rm=38;5;13:*.rmvb=38;5;13:*.flc=38;5;13:*.avi=38;5;13:*.fli=38;5;13:*.flv=38;5;13:*.gl=38;5;13:*.dl=38;5;13:*.xcf=38;5;13:*.xwd=38;5;13:*.yuv=38;5;13:*.cgm=38;5;13:*.emf=38;5;13:*.axv=38;5;13:*.anx=38;5;13:*.ogv=38;5;13:*.ogx=38;5;13:*.aac=38;5;45:*.au=38;5;45:*.flac=38;5;45:*.mid=38;5;45:*.midi=38;5;45:*.mka=38;5;45:*.mp3=38;5;45:*.mpc=38;5;45:*.ogg=38;5;45:*.ra=38;5;45:*.wav=38;5;45:*.axa=38;5;45:*.oga=38;5;45:*.spx=38;5;45:*.xspf=38;5;45:
LD_LIBRARY_PATH=/usr/Synopsys/verdi/T-2022.06/share/PLI/VCS/LINUX64:/usr/Cadence/IC618/tools.lnx86/lib/64bit
GNOME_TERMINAL_SERVICE=:1.103
CONFRML_HOME=/usr/Cadence/CONFRML222
MAKE_TERMOUT=/dev/pts/1
SSH_AUTH_SOCK=/run/user/1001/keyring/ssh
novas_args=-P ${NOVAS}/novas.tab ${NOVAS}/pli.a
SNPSLMD_LICENSE_FILE=27000@localhost.localdomain
APACHEDA_LICENSE_FILE=/usr/Ansys/license/apacheda.lic
USERNAME=host
MAKELEVEL=1
SESSION_MANAGER=local/unix:@/tmp/.ICE-unix/3086,unix/unix:/tmp/.ICE-unix/3086
MFLAGS=
Virtuoso_HOME=/usr/Cadence/IC618
VC_STATIC_HOME=/usr/Synopsys/vc_static/T-2022.06-SP2
GNOME_SHELL_SESSION_MODE=classic
DESKTOP_SESSION=gnome-classic
PATH=/home/host/llvm14/bin:/home/host/riscv/bin:/home/host/.local/bin:/usr/Ansys/redhawk/RedHawk_Linux64e6_V2020R2.1/bin:/usr/Mentor/tessent/bin:/usr/Mentor/calibre/aoi_cal_2022.4_28.13/bin:/usr/Cadence/IC618/tools/plot/bin:/usr/Cadence/IC618/tools/iccraft/bin:/usr/Cadence/IC618/tools/dracula/bin:/usr/Cadence/IC618/tools/dfII/bin:/usr/Cadence/IC618/tools/bin:/usr/Cadence/IC618/share/bin:/usr/Synopsys/coretools/T-2022.06/bin:/home/host/llvm14/bin:/home/host/riscv/bin:/home/host/.local/bin:/usr/Ansys/redhawk/RedHawk_Linux64e6_V2020R2.1/bin:/usr/Mentor/tessent/bin:/usr/Mentor/calibre/aoi_cal_2022.4_28.13/bin:/usr/Cadence/IC618/tools/plot/bin:/usr/Cadence/IC618/tools/iccraft/bin:/usr/Cadence/IC618/tools/dracula/bin:/usr/Cadence/IC618/tools/dfII/bin:/usr/Cadence/IC618/tools/bin:/usr/Cadence/IC618/share/bin:/usr/Synopsys/coretools/T-2022.06/bin:/usr/lib64/qt-3.3/bin:/usr/local/bin:/usr/local/sbin:/usr/bin:/usr/sbin:/bin:/sbin:/usr/Synopsys/vcs/T-2022.06/bin:/usr/Synopsys/verdi/T-2022.06/bin:/usr/Synopsys/scl/2021.03/linux64/bin:/usr/Synopsys/syn/T-2022.03-SP2/bin:/usr/Synopsys/spyglass/T-2022.06-1/SPYGLASS_HOME/bin:/usr/Synopsys/fm/T-2022.03/bin:/usr/Synopsys/prime/T-2022.03/bin:/usr/Synopsys/icc2/T-2022.03/bin:/usr/Synopsys/icc/T-2022.03/bin:/usr/Synopsys/testmax/S-2021.06-SP5/bin:/usr/Synopsys/txs/R-2020.09-SP3/bin:/usr/Synopsys/starrc/T-2022.03-SP2/bin:/usr/Synopsys/lc/T-2022.03/bin:/usr/Synopsys/vc_static/T-2022.06-SP2/bin:/usr/Cadence/INNOVUS201/bin:/usr/Cadence/CONFRML222/bin:/home/host/.local/bin:/home/host/bin:/usr/Synopsys/vcs/T-2022.06/bin:/usr/Synopsys/verdi/T-2022.06/bin:/usr/Synopsys/scl/2021.03/linux64/bin:/usr/Synopsys/syn/T-2022.03-SP2/bin:/usr/Synopsys/spyglass/T-2022.06-1/SPYGLASS_HOME/bin:/usr/Synopsys/fm/T-2022.03/bin:/usr/Synopsys/prime/T-2022.03/bin:/usr/Synopsys/icc2/T-2022.03/bin:/usr/Synopsys/icc/T-2022.03/bin:/usr/Synopsys/testmax/S-2021.06-SP5/bin:/usr/Synopsys/txs/R-2020.09-SP3/bin:/usr/Synopsys/starrc/T-2022.03-SP2/bin:/usr/Synopsys/lc/T-2022.03/bin:/usr/Synopsys/vc_static/T-2022.06-SP2/bin:/usr/Cadence/INNOVUS201/bin:/usr/Cadence/CONFRML222/bin
STARRC_HOME=/usr/Synopsys/starrc/T-2022.03-SP2
MAIL=/var/spool/mail/host
PT_HOME=/usr/Synopsys/prime/T-2022.03
QT_IM_MODULE=ibus
CALIBRE_HOME=/usr/Mentor/calibre/aoi_cal_2022.4_28.13
VERDI_HOME=/usr/Synopsys/verdi/T-2022.06
TLDR_ALLOW_INSECURE=1
XDG_SESSION_TYPE=x11
PWD=/home/host/Downloads/IC_Competiton_JJ/core/src/IDU/sim
VCS_HOME=/usr/Synopsys/vcs/T-2022.06
XMODIFIERS=@im=ibus
TXS_HOME=/usr/Synopsys/txs/R-2020.09-SP3
FM_HOME=/usr/Synopsys/fm/T-2022.03
LANG=en_US.UTF-8
TESTMAX_MAX=/usr/Synopsys/testmax/S-2021.06-SP5
GDM_LANG=en_US.UTF-8
OA_HOME=/usr/Cadence/IC618/oa_v22.60.007
VCS_ARCH_OVERRIDE=linux
ICC_HOME=/usr/Synopsys/icc/T-2022.03
TESSENT_HOME=/usr/Mentor/tessent
GDMSESSION=gnome-classic
CDS_Netlisting_Mode=Analog
HISTCONTROL=ignoredups
DBUS_STARTER_BUS_TYPE=session
HOME=/home/host
XDG_SEAT=seat0
SHLVL=3
ICC2_HOME=/usr/Synopsys/icc2/T-2022.03
MGC_HOME=/usr/Mentor/calibre/aoi_cal_2022.4_28.13
CDS_AUTO_64BIT=ALL
GNOME_DESKTOP_SESSION_ID=this-is-deprecated
LOGNAME=host
XDG_SESSION_DESKTOP=gnome-classic
MGC_LIB_PATH=/usr/Mentor/calibre/aoi_cal_2022.4_28.13/lib
DC_HOME=/usr/Synopsys/syn/T-2022.03-SP2
OA_PLUGIN_PATH=/usr/Cadence/IC618/oa_v22.60.007/data/plugins
MAKE_TERMERR=/dev/pts/1
SPYGLASS_HOME=/usr/Synopsys/spyglass/T-2022.06-1/SPYGLASS_HOME
QTLIB=/usr/lib64/qt-3.3/lib
MGLS_LICENSE_FILE=/usr/Mentor/license/license.dat
DBUS_SESSION_BUS_ADDRESS=unix:abstract=/tmp/dbus-l9XJgSNXop,guid=45a8cb01211c74507138b36c69eca3c3
XDG_DATA_DIRS=/home/host/.local/share/flatpak/exports/share/:/var/lib/flatpak/exports/share/:/usr/local/share/:/usr/share/
CDS_LIC_FILE=/usr/Cadence/license/cadence.dat
LESSOPEN=||/usr/bin/lesspipe.sh %s
SCL_HOME=/usr/Synopsys/scl/2021.03
WINDOWPATH=1
XDG_RUNTIME_DIR=/run/user/1001
DISPLAY=:0
LC_HOME=/usr/Synopsys/lc/T-2022.03
XDG_CURRENT_DESKTOP=GNOME-Classic:GNOME
SPYGLASS_DC_PATH=/usr/Synopsys/syn/T-2022.03-SP2
COLORTERM=truecolor
XAUTHORITY=/run/gdm/auth-for-host-AL1Aye/database
_=./simv
VCS_PATHMAP_PRELOAD_DONE=1
VCS_STACK_EXEC=true
VCS_EXEC_DONE=1
LC_ALL=C
DVE=/usr/Synopsys/vcs/T-2022.06/gui/dve
SPECMAN_OUTPUT_TO_TTY=1
FLEXLM_BORROWFILE=/home/host/.eda-borrow.txt
Runtime command line arguments:
argv[0]=./simv
argv[1]=+fsdb+autoflush
argv[2]=-l
argv[3]=sim.log
272 profile - 100
          CPU/Mem usage: 0.030 sys,  0.120 user,  423.95M mem
273 Elapsed time:    0:00:02    Sun Apr 26 18:20:50 2026
274 User CPU time used: 0 seconds
275 System CPU time used: 0 seconds
276 pliAppInit
277 [SC]Init: MemoryConsumed=0.00MB ElapsedTime=0hour 0min. 0sec.
278 FSDB_GATE is set.
279 FSDB_RTL is set.
280 FSDB_ALIAS_ARRAY_ELEM is set to 4294967295.
281 Enable Parallel Dumping.
282 pliAppMiscSet: New Sim Round
283 pliEntryInit
284 LIBSSCORE=found /usr/Synopsys/verdi/T-2022.06/share/PLI/lib/LINUXAMD64/libsscore_vcs202206.so through $NOVAS_HOME setting.
285 FSDB Dumper for VCS, Release Verdi_T-2022.06, Linux x86_64/64bit, 05/29/2022
286 (C) 1996 - 2022 by Synopsys, Inc.
287 sps_call_fsdbDumpfile_main at 0 : ../tb_IDU_pipe.sv(263)
288 argv[0]: (idu_pipe_tb.fsdb)
289 *Verdi* : Create FSDB file 'idu_pipe_tb.fsdb'
290 [spi_vcs_vd_ppi_create_root]: no upf option
291 compile option from '/home/host/Downloads/IC_Competiton_JJ/core/src/IDU/sim/simv.daidir/vcs_rebuild'.
292   "vcs '-full64' '-sverilog' '-debug_access+all' '-line' '+vcsd' '+vpi' '+plusarg_save' '-Mupdate' '+error+10' '+v2k' '+ntb_exit_on_error=10' '-timescale=1ns/100ps' '-negdelay' '+neg_tchk' '+memcbk' '+sdfverbose' '+warn=all' '+warn=noTFIPC' '+warn=noWSUM' '+nospecify' '-l' 'vcs.log' '-f' '/home/host/Downloads/IC_Competiton_JJ/core/src/IDU/flist.f' '+incdir+/home/host/Downloads/IC_Competiton_JJ/core/src/IDU' 2>&1"
293 DVDI_is_vir_unload_enabled is enable
294 FSDB_VCS_ENABLE_NATIVE_VC is enable
295 sps_call_fsdbDumpvars_vd_main at 0 : ../tb_IDU_pipe.sv(264)
296 argv[0]: (0)
297 argv[1]: (handle) tb_IDU_pipe
298 *Verdi* : Begin traversing the scope (tb_IDU_pipe), layer (0).
299 *Verdi* : End of traversing.
300 pliAppHDL_DumpVarComplete traverse var: profile - 
          CPU/Mem usage: 0.110 sys,  0.120 user,  523.40M mem
                   incr: 0.010 sys,  0.000 user,  7.07M mem
                   accu: 0.010 sys,  0.000 user,  7.07M mem
              accu incr: 0.010 sys,  0.000 user,  7.07M mem

          Count usage: 76 var,  76 idcode,  39 callback
                 incr: 76 var,  76 idcode,  39 callback
                 accu: 76 var,  76 idcode,  39 callback
            accu incr: 76 var,  76 idcode,  39 callback
301 Elapsed time:    0:00:02    Sun Apr 26 18:20:50 2026
302 User CPU time used: 0 seconds
303 System CPU time used: 0 seconds
304 pliAppHDL_DumpVarComplete: profile - 
          CPU/Mem usage: 0.110 sys,  0.120 user,  524.38M mem
                   incr: 0.000 sys,  0.000 user,  0.98M mem
                   accu: 0.010 sys,  0.000 user,  8.05M mem
              accu incr: 0.000 sys,  0.000 user,  0.98M mem

          Count usage: 76 var,  76 idcode,  39 callback
                 incr: 0 var,  0 idcode,  0 callback
                 accu: 76 var,  76 idcode,  39 callback
            accu incr: 0 var,  0 idcode,  0 callback
305 Elapsed time:    0:00:02    Sun Apr 26 18:20:50 2026
306 User CPU time used: 0 seconds
307 System CPU time used: 0 seconds
308 End of simulation at 156000
309 Memory usage: 524.382 M
310 Maximum resident set size: 157 MB
311 Hard page faults: 0
312 Soft page faults: 26934
313 Elapsed time:    0:00:02    Sun Apr 26 18:20:50 2026
314 User CPU time used: 0 seconds
315 System CPU time used: 0 seconds
316 Begin FSDB profile info:
317 FSDB Writer : bc1(103) bcn(173) mtf/stf(0/0)
FSDB Writer elapsed time : flush(0.001515) io wait(0.000000) theadpool wait(0.000000)
FSDB Writer cpu time : MT Compression : 0
318 End FSDB profile info
319 FSDB closed. Name: idu_pipe_tb.fsdb Size: 11410
320 Parallel profile     - ProducerThread:1 ConsumerThread:1 Buffer:64MB
321                      - BlockUsed:1 Acquire:269 BufferUsed:3723
322                      - Flush:3 Expand:0 ProducerWait:0 ConsumerWait:0
323                      - MainProducerTime:0.240772508 TotalConsumerTime:0.000000000
324                      - ElapsedTime:0.103819000
325 Producer   0 profile - BlockUsed:1 Acquire:269 BufferUsed:3723
326 Consumer   0 profile - Affinity:-1 CPUTime:0.000000000 LifeTime:0.000000000 (-nan%)
327                      - BlockUsed:1 Acquire:269 BufferUsed:3723
328 SimExit
329 Elapsed time:    0:00:02    Sun Apr 26 18:20:50 2026
330 User CPU time used: 0 seconds
331 System CPU time used: 0 seconds
332 Sim process exit
