Command: /home/host/Downloads/IC_Competiton_JJ/core/src/IDU/sim/./simv +fsdb+autoflush -l sim.log
Chronologic VCS simulator copyright 1991-2022
Contains Synopsys proprietary information.
Compiler version T-2022.06_Full64; Runtime version T-2022.06_Full64;  Apr 26 18:20 2026
*Verdi* Loading libsscore_vcs202206.so
FSDB Dumper for VCS, Release Verdi_T-2022.06, Linux x86_64/64bit, 05/29/2022
(C) 1996 - 2022 by Synopsys, Inc.
*Verdi* : Create FSDB file 'idu_pipe_tb.fsdb'
*Verdi* : Begin traversing the scope (tb_IDU_pipe), layer (0).
*Verdi* : End of traversing.
==================================================
 IDU PIPELINE TB START
==================================================

[TEST 1] ADDI
[46000] CHECK PASS: id_ex_valid = 1
[46000] CHECK PASS: id_ex_pc = 0x00001000
[46000] CHECK PASS: id_ex_rd = 0x00000001
[46000] CHECK PASS: id_rf_rs1_addr = 0x00000002
[46000] CHECK PASS: id_ex_imm = 0x0000000a
[46000] CHECK PASS: id_ex_alu_ctrl = 0x00000001
[46000] CHECK PASS: alu_op_ctrl = 0x00000001
[46000] CHECK PASS: wb_ctrl = 0x00000001
[46000] CHECK PASS: id_ex_rf_we = 1
[46000] CHECK PASS: id_ex_lsu_en = 0
[46000] CHECK PASS: j_en = 0

[TEST 2] ADD
[56000] CHECK PASS: id_ex_pc = 0x00001004
[56000] CHECK PASS: id_ex_rd = 0x00000003
[56000] CHECK PASS: id_rf_rs1_addr = 0x00000004
[56000] CHECK PASS: id_rf_rs2_addr = 0x00000005
[56000] CHECK PASS: id_ex_alu_ctrl = 0x00000001
[56000] CHECK PASS: alu_op_ctrl = 0x00000000
[56000] CHECK PASS: id_ex_rf_we = 1

[TEST 3] SUB
[66000] CHECK PASS: id_ex_rd = 0x00000006
[66000] CHECK PASS: id_rf_rs1_addr = 0x00000007
[66000] CHECK PASS: id_rf_rs2_addr = 0x00000008
[66000] CHECK PASS: id_ex_alu_ctrl = 0x00000003

[TEST 4] LW
[76000] CHECK PASS: id_ex_rd = 0x00000009
[76000] CHECK PASS: id_rf_rs1_addr = 0x0000000a
[76000] CHECK PASS: id_ex_imm = 0x00000010
[76000] CHECK PASS: id_ex_alu_ctrl = 0x00000001
[76000] CHECK PASS: alu_op_ctrl = 0x00000001
[76000] CHECK PASS: id_ex_lsu_en = 1
[76000] CHECK PASS: id_ex_lsu_we = 0
[76000] CHECK PASS: id_ex_rf_we = 1
[76000] CHECK PASS: lsu_ctrl = 0x00000002

[TEST 5] SW
[86000] CHECK PASS: id_rf_rs1_addr = 0x0000000c
[86000] CHECK PASS: id_rf_rs2_addr = 0x0000000b
[86000] CHECK PASS: id_ex_imm = 0x00000014
[86000] CHECK PASS: id_ex_alu_ctrl = 0x00000001
[86000] CHECK PASS: id_ex_lsu_en = 1
[86000] CHECK PASS: id_ex_lsu_we = 1
[86000] CHECK PASS: id_ex_rf_we = 0
[86000] CHECK PASS: lsu_ctrl = 0x00000002

[TEST 6] BEQ
[96000] CHECK PASS: id_rf_rs1_addr = 0x00000001
[96000] CHECK PASS: id_rf_rs2_addr = 0x00000002
[96000] CHECK PASS: id_ex_imm = 0x00000008
[96000] CHECK PASS: j_en = 1
[96000] CHECK PASS: id_ex_J_cond = 0x00000001
[96000] CHECK PASS: id_ex_rf_we = 0

[TEST 7] JAL
[106000] CHECK PASS: id_ex_rd = 0x00000001
[106000] CHECK PASS: id_ex_imm = 0x00000010
[106000] CHECK PASS: j_en = 1
[106000] CHECK PASS: id_ex_J_cond = 0x00000000
[106000] CHECK PASS: id_ex_rf_we = 1

[TEST 8] FLUSH
[120000] CHECK PASS: id_ex_valid after flush = 0
[120000] CHECK PASS: id_ex_pc after flush = 0x00000000
[120000] CHECK PASS: id_ex_imm after flush = 0x00000000
[120000] CHECK PASS: id_ex_rd after flush = 0x00000000
[120000] CHECK PASS: id_ex_rf_we after flush = 0
[120000] CHECK PASS: j_en after flush = 0
[120000] CHECK PASS: id_ex_J_cond after flush = 0x00000000

==================================================
 IDU PIPELINE TB FINISH
==================================================
$finish called from file "../tb_IDU_pipe.sv", line 426.
$finish at simulation time               156000
           V C S   S i m u l a t i o n   R e p o r t 
Time: 156000 ps
CPU Time:      0.250 seconds;       Data structure size:   0.0Mb
Sun Apr 26 18:20:50 2026
